

                                             NATIONAL BANKING REPORT                                                      PAGE   1
ACCT#   ACCOUNT HOLDER NAME    TYPE       BALANCE
N001    WANJIRU MARY           CURRENT         12,500.00
M001    CHEPKOECH JOY          CURRENT         20,000.00
N002    KAMAU JAMES            CURRENT         45,000.00
                                             NATIONAL BANKING REPORT                                                      PAGE   2
ACCT#   ACCOUNT HOLDER NAME    TYPE       BALANCE
M002    KIPTOO ELIUD           CURRENT         55,000.00



                                             NATIONAL BANKING REPORT                                                      PAGE   3
ACCT#   ACCOUNT HOLDER NAME    TYPE       BALANCE
N003    ACHIENG GRACE          CURRENT         78,000.00
         CURRENT SUB-TOTAL:                   210,500.00
M003    ODHIAMBO FAITH         FIXED           95,000.00
                                             NATIONAL BANKING REPORT                                                      PAGE   4
ACCT#   ACCOUNT HOLDER NAME    TYPE       BALANCE
N004    OTIENO FRED            FIXED          150,000.00



                                             NATIONAL BANKING REPORT                                                      PAGE   5
ACCT#   ACCOUNT HOLDER NAME    TYPE       BALANCE
M004    AKINYI SHARON          FIXED          180,000.00
N005    NJOROGE ANNE           FIXED          220,000.00
M005    KOSGEI VICTOR          FIXED          310,000.00
                                             NATIONAL BANKING REPORT                                                      PAGE   6
ACCT#   ACCOUNT HOLDER NAME    TYPE       BALANCE
         FIXED SUB-TOTAL:                     955,000.00



                                             NATIONAL BANKING REPORT                                                      PAGE   7
ACCT#   ACCOUNT HOLDER NAME    TYPE       BALANCE
N006    MWANGI JOHN            SAVINGS          8,000.00
M006    NAFULA IRENE           SAVINGS         18,000.00
N007    OMONDI KEVIN           SAVINGS         35,000.00
                                             NATIONAL BANKING REPORT                                                      PAGE   8
ACCT#   ACCOUNT HOLDER NAME    TYPE       BALANCE
M007    MAINA ERIC             SAVINGS         47,000.00



                                             NATIONAL BANKING REPORT                                                      PAGE   9
ACCT#   ACCOUNT HOLDER NAME    TYPE       BALANCE
N008    WAMBUA PAUL            SAVINGS         62,000.00
N009    NDUNGU LUCY            SAVINGS         91,000.00
M008    WAFULA JOSEPH          SAVINGS        105,000.00
                                             NATIONAL BANKING REPORT                                                      PAGE  10
ACCT#   ACCOUNT HOLDER NAME    TYPE       BALANCE
N010    MUTUA DAVID            SAVINGS        130,000.00



                                             NATIONAL BANKING REPORT                                                      PAGE  11
ACCT#   ACCOUNT HOLDER NAME    TYPE       BALANCE
         SAVINGS SUB-TOTAL:                   496,000.00
         GRAND TOTAL:                         1,661,500.00
